mode: set
github.com/Ixecd/dev-toolkit/internal/state/state.go:63.77,65.16 2 1
github.com/Ixecd/dev-toolkit/internal/state/state.go:65.16,74.3 1 1
github.com/Ixecd/dev-toolkit/internal/state/state.go:74.8,76.3 1 1
github.com/Ixecd/dev-toolkit/internal/state/state.go:79.2,79.77 1 1
github.com/Ixecd/dev-toolkit/internal/state/state.go:79.77,81.3 1 0
github.com/Ixecd/dev-toolkit/internal/state/state.go:83.2,83.52 1 1
github.com/Ixecd/dev-toolkit/internal/state/state.go:87.33,89.2 1 1
github.com/Ixecd/dev-toolkit/internal/state/state.go:92.42,94.2 1 1
github.com/Ixecd/dev-toolkit/internal/state/state.go:97.61,98.44 1 1
github.com/Ixecd/dev-toolkit/internal/state/state.go:98.44,100.3 1 1
github.com/Ixecd/dev-toolkit/internal/state/state.go:102.2,114.31 6 1
github.com/Ixecd/dev-toolkit/internal/state/state.go:118.49,120.9 2 1
github.com/Ixecd/dev-toolkit/internal/state/state.go:120.9,122.3 1 0
github.com/Ixecd/dev-toolkit/internal/state/state.go:123.2,123.28 1 1
github.com/Ixecd/dev-toolkit/internal/state/state.go:123.28,124.14 1 1
github.com/Ixecd/dev-toolkit/internal/state/state.go:124.14,126.4 1 1
github.com/Ixecd/dev-toolkit/internal/state/state.go:128.2,128.97 1 1
github.com/Ixecd/dev-toolkit/internal/state/state.go:132.49,134.2 1 1
github.com/Ixecd/dev-toolkit/internal/state/state.go:137.40,139.2 1 1
github.com/Ixecd/dev-toolkit/internal/state/state.go:142.61,143.39 1 1
github.com/Ixecd/dev-toolkit/internal/state/state.go:143.39,145.3 1 1
github.com/Ixecd/dev-toolkit/internal/state/state.go:146.2,146.43 1 1
github.com/Ixecd/dev-toolkit/internal/state/state.go:150.48,152.2 1 1
github.com/Ixecd/dev-toolkit/internal/state/state.go:156.61,169.2 6 1
github.com/Ixecd/dev-toolkit/internal/state/store.go:29.54,34.16 2 0
github.com/Ixecd/dev-toolkit/internal/state/store.go:34.16,36.3 1 0
github.com/Ixecd/dev-toolkit/internal/state/store.go:37.2,37.40 1 0
github.com/Ixecd/dev-toolkit/internal/state/store.go:40.54,42.16 2 0
github.com/Ixecd/dev-toolkit/internal/state/store.go:42.16,44.3 1 0
github.com/Ixecd/dev-toolkit/internal/state/store.go:45.2,50.16 5 0
github.com/Ixecd/dev-toolkit/internal/state/store.go:50.16,52.3 1 0
github.com/Ixecd/dev-toolkit/internal/state/store.go:53.2,54.12 2 0
github.com/Ixecd/dev-toolkit/internal/state/store.go:57.76,63.16 5 0
github.com/Ixecd/dev-toolkit/internal/state/store.go:63.16,65.3 1 0
github.com/Ixecd/dev-toolkit/internal/state/store.go:66.2,66.24 1 0
github.com/Ixecd/dev-toolkit/internal/state/store.go:66.24,68.3 1 0
github.com/Ixecd/dev-toolkit/internal/state/store.go:70.2,70.43 1 0
github.com/Ixecd/dev-toolkit/internal/state/store.go:73.61,80.2 5 0
github.com/Ixecd/dev-toolkit/internal/state/store.go:86.28,88.2 1 1
github.com/Ixecd/dev-toolkit/internal/state/store.go:90.55,92.16 2 1
github.com/Ixecd/dev-toolkit/internal/state/store.go:92.16,94.3 1 0
github.com/Ixecd/dev-toolkit/internal/state/store.go:95.2,95.63 1 1
github.com/Ixecd/dev-toolkit/internal/state/store.go:95.63,97.3 1 0
github.com/Ixecd/dev-toolkit/internal/state/store.go:99.2,100.16 2 1
github.com/Ixecd/dev-toolkit/internal/state/store.go:100.16,102.3 1 0
github.com/Ixecd/dev-toolkit/internal/state/store.go:104.2,104.56 1 1
github.com/Ixecd/dev-toolkit/internal/state/store.go:104.56,106.3 1 0
github.com/Ixecd/dev-toolkit/internal/state/store.go:107.2,108.12 2 1
github.com/Ixecd/dev-toolkit/internal/state/store.go:111.77,113.16 2 1
github.com/Ixecd/dev-toolkit/internal/state/store.go:113.16,115.3 1 0
github.com/Ixecd/dev-toolkit/internal/state/store.go:116.2,117.16 2 1
github.com/Ixecd/dev-toolkit/internal/state/store.go:117.16,118.25 1 1
github.com/Ixecd/dev-toolkit/internal/state/store.go:118.25,120.4 1 1
github.com/Ixecd/dev-toolkit/internal/state/store.go:121.3,121.62 1 0
github.com/Ixecd/dev-toolkit/internal/state/store.go:123.2,123.30 1 1
github.com/Ixecd/dev-toolkit/internal/state/store.go:126.62,128.16 2 1
github.com/Ixecd/dev-toolkit/internal/state/store.go:128.16,130.3 1 0
github.com/Ixecd/dev-toolkit/internal/state/store.go:131.2,131.63 1 1
github.com/Ixecd/dev-toolkit/internal/state/store.go:131.63,133.3 1 0
github.com/Ixecd/dev-toolkit/internal/state/store.go:134.2,134.12 1 1
github.com/Ixecd/dev-toolkit/internal/state/store.go:139.58,141.2 1 1
github.com/Ixecd/dev-toolkit/internal/state/store.go:143.58,145.49 2 1
github.com/Ixecd/dev-toolkit/internal/state/store.go:145.49,147.3 1 1
github.com/Ixecd/dev-toolkit/internal/state/store.go:148.2,148.16 1 1
github.com/Ixecd/dev-toolkit/internal/state/store.go:153.47,154.25 1 1
github.com/Ixecd/dev-toolkit/internal/state/store.go:154.25,157.3 2 1
github.com/Ixecd/dev-toolkit/internal/state/store.go:159.2,161.16 3 0
github.com/Ixecd/dev-toolkit/internal/state/store.go:161.16,164.3 2 0
github.com/Ixecd/dev-toolkit/internal/state/store.go:166.2,167.14 2 0
github.com/Ixecd/dev-toolkit/internal/state/store.go:172.48,174.2 1 1
github.com/Ixecd/dev-toolkit/internal/state/store.go:176.59,178.16 2 1
github.com/Ixecd/dev-toolkit/internal/state/store.go:178.16,180.3 1 0
github.com/Ixecd/dev-toolkit/internal/state/store.go:181.2,181.78 1 1
github.com/Ixecd/dev-toolkit/internal/state/store.go:185.93,188.9 2 1
github.com/Ixecd/dev-toolkit/internal/state/store.go:188.9,190.3 1 1
github.com/Ixecd/dev-toolkit/internal/state/store.go:193.2,193.59 1 0
github.com/Ixecd/dev-toolkit/internal/state/store.go:193.59,195.3 1 0
github.com/Ixecd/dev-toolkit/internal/state/store.go:198.2,200.16 3 0
github.com/Ixecd/dev-toolkit/internal/state/store.go:200.16,203.3 1 0
github.com/Ixecd/dev-toolkit/internal/state/store.go:206.2,206.49 1 0
github.com/Ixecd/dev-toolkit/internal/state/store.go:206.49,208.3 1 0
github.com/Ixecd/dev-toolkit/internal/state/store.go:210.2,218.12 4 0
github.com/Ixecd/dev-toolkit/internal/state/validator.go:12.51,13.23 1 0
github.com/Ixecd/dev-toolkit/internal/state/validator.go:13.23,15.3 1 0
github.com/Ixecd/dev-toolkit/internal/state/validator.go:16.2,20.34 5 0
github.com/Ixecd/dev-toolkit/internal/state/validator.go:20.34,22.3 1 0
github.com/Ixecd/dev-toolkit/internal/state/validator.go:23.2,23.28 1 0
github.com/Ixecd/dev-toolkit/internal/state/validator.go:28.119,34.34 4 0
github.com/Ixecd/dev-toolkit/internal/state/validator.go:34.34,36.17 2 0
github.com/Ixecd/dev-toolkit/internal/state/validator.go:36.17,39.12 3 0
github.com/Ixecd/dev-toolkit/internal/state/validator.go:42.3,43.34 2 0
github.com/Ixecd/dev-toolkit/internal/state/validator.go:43.34,45.18 2 0
github.com/Ixecd/dev-toolkit/internal/state/validator.go:45.18,48.13 3 0
github.com/Ixecd/dev-toolkit/internal/state/validator.go:50.4,50.90 1 0
github.com/Ixecd/dev-toolkit/internal/state/validator.go:50.90,53.13 3 0
github.com/Ixecd/dev-toolkit/internal/state/validator.go:55.4,56.14 2 0
github.com/Ixecd/dev-toolkit/internal/state/validator.go:59.3,61.19 2 0
github.com/Ixecd/dev-toolkit/internal/state/validator.go:64.2,64.92 1 0
github.com/Ixecd/dev-toolkit/internal/state/validator.go:68.107,74.16 4 0
github.com/Ixecd/dev-toolkit/internal/state/validator.go:74.16,76.3 1 0
github.com/Ixecd/dev-toolkit/internal/state/validator.go:78.2,80.18 3 0
github.com/Ixecd/dev-toolkit/internal/state/validator.go:84.88,92.16 4 0
github.com/Ixecd/dev-toolkit/internal/state/validator.go:92.16,94.3 1 0
github.com/Ixecd/dev-toolkit/internal/state/validator.go:96.2,103.53 2 0
github.com/Ixecd/dev-toolkit/internal/state/validator.go:103.53,105.3 1 0
github.com/Ixecd/dev-toolkit/internal/state/validator.go:106.2,106.28 1 0
github.com/Ixecd/dev-toolkit/internal/state/validator.go:106.28,108.3 1 0
github.com/Ixecd/dev-toolkit/internal/state/validator.go:109.2,109.43 1 0
github.com/Ixecd/dev-toolkit/internal/state/validator.go:113.87,118.16 4 0
github.com/Ixecd/dev-toolkit/internal/state/validator.go:118.16,120.3 1 0
github.com/Ixecd/dev-toolkit/internal/state/validator.go:121.2,121.12 1 0
github.com/Ixecd/dev-toolkit/internal/state/validator.go:125.74,127.22 2 0
github.com/Ixecd/dev-toolkit/internal/state/validator.go:127.22,129.3 1 0
github.com/Ixecd/dev-toolkit/internal/state/validator.go:130.2,130.23 1 0
github.com/Ixecd/dev-toolkit/internal/state/validator.go:130.23,132.3 1 0
github.com/Ixecd/dev-toolkit/internal/state/validator.go:133.2,133.21 1 0
github.com/Ixecd/dev-toolkit/internal/state/validator.go:133.21,135.3 1 0
github.com/Ixecd/dev-toolkit/internal/state/validator.go:136.2,136.45 1 0
